
[1m[46m RUN [49m[22m [36mv4.0.18 [39m[90mC:/Users/menar/.gemini/antigravity/scratch/listening-project[39m

 [31m├ù[39m tests/resilience.test.ts[2m > [22mNetwork Resilience (Live session)[2m > [22mshould log a system error when the Gemini link is severed[32m 37[2mms[22m[39m
[31m   ΓåÆ expected "vi.fn()" to be called with arguments: [ 'system', StringContaining{ΓÇª}, true ][90m

Received: 

[1m  1st vi.fn() call:

[22m[2m  [[22m
[32m-   "system",[90m
[32m-   StringContaining "Connection disrupted",[90m
[32m-   true,[90m
[31m+   "date-marker",[90m
[31m+   "Wednesday, February 25, 2026",[90m
[2m  ][22m

[1m  2nd vi.fn() call:

[22m[2m  [[22m
[2m    "system",[22m
[32m-   StringContaining "Connection disrupted",[90m
[32m-   true,[90m
[31m+   "Initializing Neural Interface...",[90m
[2m  ][22m

[1m  3rd vi.fn() call:

[22m[2m  [[22m
[2m    "system",[22m
[32m-   StringContaining "Connection disrupted",[90m
[32m-   true,[90m
[31m+   "Scanning hardware... Found 0 potential sensors.",[90m
[2m  ][22m

[1m  4th vi.fn() call:

[22m[2m  [[22m
[2m    "system",[22m
[32m-   StringContaining "Connection disrupted",[90m
[32m-   true,[90m
[31m+   "Using primary sensor array.",[90m
[2m  ][22m

[1m  5th vi.fn() call:

[22m[2m  [[22m
[2m    "system",[22m
[32m-   StringContaining "Connection disrupted",[90m
[31m+   "Critical Failure: Audio Sensors Unreachable.",[90m
[2m    true,[22m
[2m  ][22m
[31m[90m

Number of calls: [1m5[22m
[31m[39m
node.exe : 
At line:1 char:1
+ & "C:\Program Files\nodejs/node.exe" 
"C:\Program Files\nodejs/node_mo ...
+ ~~~~~~~~~~~~~~~~~~~~~~~~~~~~~~~~~~~~~~~~~~~~~~~
~~~~~~~~~~~~~~~~~~~~~~
    + CategoryInfo          : NotSpecified: (:St 
   ring) [], RemoteException
    + FullyQualifiedErrorId : NativeCommandError
 
[31mΓÄ»ΓÄ»ΓÄ»ΓÄ»ΓÄ»ΓÄ»ΓÄ»[39m[1m[41m Failed 
Tests 1 [49m[22m[31mΓÄ»ΓÄ»ΓÄ»ΓÄ»ΓÄ»ΓÄ»ΓÄ»[39m

[41m[1m FAIL [22m[49m 
tests/resilience.test.ts[2m > [22mNetwork 
Resilience (Live session)[2m > [22mshould log 
a system error when the Gemini link is severed
[31m[1mAssertionError[22m: expected "vi.fn()" 
to be called with arguments: [ 'system', 
StringContaining{ΓÇª}, true ][90m

Received: 

[1m  1st vi.fn() call:

[22m[2m  [[22m
[32m-   "system",[90m
[32m-   StringContaining "Connection 
disrupted",[90m
[32m-   true,[90m
[31m+   "date-marker",[90m
[31m+   "Wednesday, February 25, 2026",[90m
[2m  ][22m

[1m  2nd vi.fn() call:

[22m[2m  [[22m
[2m    "system",[22m
[32m-   StringContaining "Connection 
disrupted",[90m
[32m-   true,[90m
[31m+   "Initializing Neural Interface...",[90m
[2m  ][22m

[1m  3rd vi.fn() call:

[22m[2m  [[22m
[2m    "system",[22m
[32m-   StringContaining "Connection 
disrupted",[90m
[32m-   true,[90m
[31m+   "Scanning hardware... Found 0 potential 
sensors.",[90m
[2m  ][22m

[1m  4th vi.fn() call:

[22m[2m  [[22m
[2m    "system",[22m
[32m-   StringContaining "Connection 
disrupted",[90m
[32m-   true,[90m
[31m+   "Using primary sensor array.",[90m
[2m  ][22m

[1m  5th vi.fn() call:

[22m[2m  [[22m
[2m    "system",[22m
[32m-   StringContaining "Connection 
disrupted",[90m
[31m+   "Critical Failure: Audio Sensors 
Unreachable.",[90m
[2m    true,[22m
[2m  ][22m
[31m[90m

Number of calls: [1m5[22m
[31m[39m
[36m [2mΓ¥»[22m 
tests/resilience.test.ts:[2m60:28[22m[39m
    [90m 58| [39m        [90m// Verify that 
system logs were attempted[39m
    [90m 59| [39m        expect(addLogMock).toH
aveBeenCalledWith('system', expect.strinΓÇª
    [90m 60| [39m        expect(addLogMock).toH
aveBeenCalledWith('system', expect.strinΓÇª
    [90m   | [39m                           
[31m^[39m
    [90m 61| [39m    })[33m;[39m
    [90m 62| [39m})[33m;[39m

[31m[2mΓÄ»ΓÄ»ΓÄ»ΓÄ»ΓÄ»ΓÄ»ΓÄ»ΓÄ»ΓÄ»ΓÄ»ΓÄ»ΓÄ»ΓÄ»Γ
Ä»ΓÄ»ΓÄ»ΓÄ»ΓÄ»ΓÄ»ΓÄ»ΓÄ»ΓÄ»ΓÄ»ΓÄ»[1/1]ΓÄ»[22m[39
m


[2m Test Files [22m [1m[31m1 failed[39m[22m[90m (1)[39m
[2m      Tests [22m [1m[31m1 failed[39m[22m[90m (1)[39m
[2m   Start at [22m 15:29:21
[2m   Duration [22m 672ms[2m (transform 74ms, setup 70ms, import 106ms, tests 38ms, environment 363ms)[22m

